\BOOKMARK [0][-]{chapter.1}{\376\377\000I\000n\000t\000r\000o\000d\000u\000z\000i\000o\000n\000e}{}% 1
\BOOKMARK [1][-]{section.1.1}{\376\377\000I\000n\000t\000e\000r\000n\000e\000t\000\040\000C\000o\000n\000t\000r\000o\000l\000\040\000M\000e\000s\000s\000a\000g\000e\000\040\000P\000r\000o\000t\000o\000c\000o\000l}{chapter.1}% 2
\BOOKMARK [2][-]{subsection.1.1.1}{\376\377\000T\000i\000p\000o\000l\000o\000g\000i\000e\000\040\000d\000i\000\040\000M\000e\000s\000s\000a\000g\000g\000i\000\040\000I\000C\000M\000P}{section.1.1}% 3
\BOOKMARK [1][-]{section.1.2}{\376\377\000C\000o\000v\000e\000r\000t\000\040\000C\000h\000a\000n\000n\000e\000l}{chapter.1}% 4
\BOOKMARK [2][-]{subsection.1.2.1}{\376\377\000T\000i\000p\000o\000l\000o\000g\000i\000e\000\040\000d\000i\000\040\000C\000o\000v\000e\000r\000t\000\040\000C\000h\000a\000n\000n\000e\000l}{section.1.2}% 5
\BOOKMARK [0][-]{chapter.2}{\376\377\000S\000t\000r\000u\000m\000e\000n\000t\000i\000\040\000U\000t\000i\000l\000i\000z\000z\000a\000t\000i}{}% 6
\BOOKMARK [0][-]{chapter.3}{\376\377\000I\000m\000p\000l\000e\000m\000e\000n\000t\000a\000z\000i\000o\000n\000e}{}% 7
\BOOKMARK [1][-]{section.3.1}{\376\377\000S\000t\000r\000u\000t\000t\000u\000r\000a\000\040\000d\000e\000l\000l\000a\000\040\000c\000o\000m\000u\000n\000i\000c\000a\000z\000i\000o\000n\000e\000\040\000f\000r\000a\000\040\000l\000e\000\040\000e\000n\000t\000i\000t\000\340}{chapter.3}% 8
\BOOKMARK [2][-]{subsection.3.1.1}{\376\377\000S\000t\000r\000u\000t\000t\000u\000r\000a\000\040\000d\000e\000l\000l\000'\000a\000t\000t\000a\000c\000c\000a\000n\000t\000e}{section.3.1}% 9
\BOOKMARK [2][-]{subsection.3.1.2}{\376\377\000S\000t\000r\000u\000t\000t\000u\000r\000a\000\040\000d\000e\000l\000\040\000P\000r\000o\000x\000y}{section.3.1}% 10
\BOOKMARK [2][-]{subsection.3.1.3}{\376\377\000S\000t\000r\000u\000t\000t\000u\000r\000a\000\040\000V\000i\000t\000t\000i\000m\000a}{section.3.1}% 11
\BOOKMARK [1][-]{section.3.2}{\376\377\000I\000m\000p\000l\000e\000m\000e\000n\000t\000a\000z\000i\000o\000n\000e\000\040\000d\000e\000l\000\040\000T\000i\000m\000i\000n\000g\000\040\000C\000o\000v\000e\000r\000t\000\040\000C\000h\000a\000n\000n\000e\000l}{chapter.3}% 12
\BOOKMARK [2][-]{subsection.3.2.1}{\376\377\000R\000a\000n\000d\000o\000m\000i\000z\000z\000a\000z\000i\000o\000n\000e\000\040\000d\000e\000i\000\040\000t\000e\000m\000p\000i\000\040\000d\000i\000\040\000i\000n\000v\000i\000o}{section.3.2}% 13
\BOOKMARK [2][-]{subsection.3.2.2}{\376\377\000R\000e\000q\000u\000i\000s\000i\000t\000i\000\040\000p\000e\000r\000\040\000l\000a\000\040\000c\000o\000m\000u\000n\000i\000c\000a\000z\000i\000o\000n\000e}{section.3.2}% 14
\BOOKMARK [1][-]{section.3.3}{\376\377\000I\000m\000p\000l\000e\000m\000e\000n\000t\000a\000z\000i\000o\000n\000e\000\040\000d\000e\000l\000\040\000S\000t\000o\000r\000a\000g\000e\000\040\000C\000o\000v\000e\000r\000t\000\040\000C\000h\000a\000n\000n\000e\000l}{chapter.3}% 15
\BOOKMARK [2][-]{subsection.3.3.1}{\376\377\000I\000n\000s\000e\000r\000i\000m\000e\000n\000t\000o\000\040\000d\000e\000i\000\040\000d\000a\000t\000i\000\040\000n\000e\000i\000\040\000c\000a\000m\000p\000i\000\040\000u\000s\000a\000t\000i}{section.3.3}% 16
\BOOKMARK [1][-]{section.3.4}{\376\377\000I\000m\000p\000l\000e\000m\000e\000n\000t\000a\000z\000i\000o\000n\000e\000\040\000B\000e\000h\000a\000v\000i\000o\000u\000r\000a\000l\000\040\000C\000o\000v\000e\000r\000t\000\040\000C\000h\000a\000n\000n\000e\000l}{chapter.3}% 17
\BOOKMARK [1][-]{section.3.5}{\376\377\000I\000m\000p\000l\000e\000m\000e\000n\000t\000a\000z\000i\000o\000n\000e\000\040\000d\000i\000\040\000u\000n\000\040\000H\000y\000b\000r\000i\000d\000\040\000C\000o\000v\000e\000r\000t\000\040\000C\000h\000a\000n\000n\000e\000l}{chapter.3}% 18
\BOOKMARK [0][-]{chapter.4}{\376\377\000T\000e\000s\000t\000\040\000e\000\040\000R\000i\000s\000u\000l\000t\000a\000t\000i}{}% 19
\BOOKMARK [1][-]{section.4.1}{\376\377\000T\000e\000s\000t\000\040\000d\000e\000i\000\040\000C\000o\000v\000e\000r\000t\000\040\000C\000h\000a\000n\000n\000e\000l\000\040\000c\000o\000n\000\040\000R\000I\000T\000A}{chapter.4}% 20
\BOOKMARK [2][-]{subsection.4.1.1}{\376\377\000S\000i\000n\000g\000o\000l\000o\000\040\000i\000n\000v\000i\000o\000\040\000d\000i\000\040\000d\000a\000t\000i}{section.4.1}% 21
\BOOKMARK [2][-]{subsection.4.1.2}{\376\377\000M\000o\000l\000t\000e\000p\000l\000i\000c\000i\000\040\000i\000n\000v\000i\000i\000\040\000d\000e\000i\000\040\000d\000a\000t\000i}{section.4.1}% 22
\BOOKMARK [2][-]{subsection.4.1.3}{\376\377\000C\000o\000n\000s\000i\000d\000e\000r\000a\000z\000i\000o\000n\000i\000\040\000s\000u\000i\000\040\000r\000i\000s\000u\000l\000t\000a\000t\000i\000\040\000o\000t\000t\000e\000n\000u\000t\000i}{section.4.1}% 23
\BOOKMARK [0][-]{chapter.5}{\376\377\000C\000o\000n\000c\000l\000u\000s\000i\000o\000n\000i}{}% 24
